     1 00000000                                 ; MyOS-ipl
     2 00000000                                 ; TAB=4
     3 00000000                                 
     4  = 0000000A                              CYLS	EQU		10				; Load CYLS cylinders into memory
     5  = 00000032                              ERRN	EQU		50				; Maximum number of times to load while
     6 00000000                                 							; a section causes error
     7                                          		ORG		0x7c00			; The standard loading address for ipl
     8 00007C00                                 
     9 00007C00                                 ; Standard FAT12 format floppy code
    10 00007C00                                 
    11 00007C00 EB 4E                           		JMP		entry
    12 00007C02 90                              		DB		0x90
    13 00007C03 42 4F 4F 54 53 45 43 54         		DB		"BOOTSECT"		; Name for loading sector
    14 00007C0B 0200                            		DW		512				; Sector size
    15 00007C0D 01                              		DB		1				; Cluster size (in number of sectors)
    16 00007C0E 0001                            		DW		1				; Starting position of FAT
    17 00007C10 02                              		DB		2				; Number of FAT
    18 00007C11 00E0                            		DW		224				; Size of root directory 
    19 00007C13                                 								; (in number of items)
    20 00007C13 0B40                            		DW		2880			; Disk size (1440*1024/512)
    21 00007C15 F0                              		DB		0xf0			; Disk type (0xf0)
    22 00007C16 0009                            		DW		9				; FAT length (9 sectors)
    23 00007C18 0012                            		DW		18				; Number of sectors in one track
    24 00007C1A 0002                            		DW		2				; Number of heads
    25 00007C1C 00000000                        		DD		0				; No disk partition (0)
    26 00007C20 00000B40                        		DD		2880			; Disk size (1440*1024/512)
    27 00007C24 00 00 29                        		DB		0,0,0x29
    28 00007C27 FFFFFFFF                        		DD		0xffffffff
    29 00007C2B 4D 59 4F 53 5F 44 49 53 4B 20   		DB		"MYOS_DISK  "	; Disk name
       00007C35 20 
    30 00007C36 46 41 54 31 32 20 20 20         		DB		"FAT12   "		; Disk format name
    31 00007C3E 00 00 00 00 00 00 00 00 00 00   		RESB	18
       00007C48 00 00 00 00 00 00 00 00 
    32 00007C50                                 
    33 00007C50                                 ; Main Program
    34 00007C50                                 
    35 00007C50                                 entry:
    36 00007C50                                 
    37 00007C50                                 ; Initialize SS SP and SD
    38 00007C50                                 
    39 00007C50 B8 0000                         		MOV		AX,0			
    40 00007C53 8E D0                           		MOV		SS,AX
    41 00007C55 BC 7C00                         		MOV		SP,0x7c00
    42 00007C58 8E D8                           		MOV		DS,AX
    43 00007C5A                                 
    44 00007C5A                                 ; Read Disk
    45 00007C5A                                 
    46 00007C5A B8 0820                         		MOV		AX,0x0820
    47 00007C5D 8E C0                           		MOV		ES,AX			; ES:BX writing address
    48 00007C5F B5 00                           		MOV		CH,0			; Cylinder 0
    49 00007C61 B6 00                           		MOV		DH,0			; Head 0
    50 00007C63 B1 02                           		MOV		CL,2			; Sector 2
    51 00007C65                                 readloop:
    52 00007C65 BE 0000                         		MOV		SI,0			; Inialize error count
    53 00007C68                                 retry:
    54 00007C68 B4 02                           		MOV		AH,0x02			; Read from disk (AH=0x02)
    55 00007C6A B0 01                           		MOV		AL,1			; Read one sector
    56 00007C6C BB 0000                         		MOV		BX,0
    57 00007C6F B2 00                           		MOV		DL,0x00			; A disk driver
    58 00007C71 CD 13                           		INT		0x13			; Call BIOS
    59 00007C73 73 10                           		JNC		next			; Jump if no error
    60 00007C75 83 C6 01                        		ADD		SI,1			; Increment error count
    61 00007C78 83 FE 32                        		CMP		SI,ERRN			; Compare error with 
    62 00007C7B 73 32                           		JAE		error			; SI>=ERRN Jump to error
    63 00007C7D B4 00                           		MOV		AH,0x00
    64 00007C7F B2 00                           		MOV		DL,0x00
    65 00007C81 CD 13                           		INT		0x13			; Reset Disk Driver
    66 00007C83 EB E3                           		JMP		retry
    67 00007C85                                 next:
    68 00007C85 8C C0                           		MOV		AX,ES
    69 00007C87 05 0020                         		ADD		AX,0x0020
    70 00007C8A 8E C0                           		MOV		ES,AX			; ADD ES to 0x020 (Next sector)
    71 00007C8C 80 C1 01                        		ADD		CL,1
    72 00007C8F 80 F9 12                        		CMP		CL,18
    73 00007C92 76 D1                           		JBE		readloop		; Continue reading sectors in the track
    74 00007C94 B1 01                           		MOV		CL,1
    75 00007C96 80 C6 01                        		ADD		DH,1			; Go to the back of the disk
    76 00007C99 80 FE 02                        		CMP		DH,2
    77 00007C9C 72 C7                           		JB		readloop
    78 00007C9E B6 00                           		MOV		DH,0
    79 00007CA0 80 C5 01                        		ADD		CH,1			; Go to next track
    80 00007CA3 80 FD 0A                        		CMP		CH,CYLS
    81 00007CA6 72 BD                           		JB		readloop		; CH<CYLS Continue reading this track
    82 00007CA8                                 
    83 00007CA8                                 ; Loading finished! Save the number of cylinders read.
    84 00007CA8                                 
    85 00007CA8 88 2E 0FF0                      		MOV		[0x0ff0],CH
    86 00007CAC E9 4551                         		JMP		0xc200			; Go to the beginning of .sys (asmhead.nas)
    87 00007CAF                                 
    88 00007CAF                                 error:
    89 00007CAF BE 7CC7                         		MOV		SI,msg			; Display error message
    90 00007CB2                                 
    91 00007CB2                                 displayloop:
    92 00007CB2 8A 04                           		MOV		AL,[SI]
    93 00007CB4 83 C6 01                        		ADD		SI,1			; Next character
    94 00007CB7 3C 00                           		CMP		AL,0
    95 00007CB9 74 09                           		JE		sleep
    96 00007CBB B4 0E                           		MOV		AH,0x0e			; Display one charater
    97 00007CBD BB 000F                         		MOV		BX,15			; Set color
    98 00007CC0 CD 10                           		INT		0x10			; Call BIOS
    99 00007CC2 EB EE                           		JMP		displayloop
   100 00007CC4                                 
   101 00007CC4                                 sleep:
   102 00007CC4 F4                              		HLT						; Halt
   103 00007CC5 EB FD                           		JMP		sleep			; Infinite loop
   104 00007CC7                                 
   105 00007CC7                                 msg:
   106 00007CC7 0A 0A                           		DB		0x0a, 0x0a
   107 00007CC9 45 52 52 4F 52 3A 20 6C 6F 61   		DB		"ERROR: load error"
       00007CD3 64 20 65 72 72 6F 72 
   108 00007CDA 0A                              		DB		0x0a
   109 00007CDB 00                              		DB		0
   110 00007CDC                                 
   111 00007CDC 00 00 00 00 00 00 00 00 00 00   		RESB	0x7dfe-$		; Fill zeros
       00007CE6 00 00 00 00 00 00 00 00 00 00 
       00007CF0 00 00 00 00 00 00 00 00 00 00 
       00007CFA 00 00 00 00 00 00 00 00 00 00 
       00007D04 00 00 00 00 00 00 00 00 00 00 
       00007D0E 00 00 00 00 00 00 00 00 00 00 
       00007D18 00 00 00 00 00 00 00 00 00 00 
       00007D22 00 00 00 00 00 00 00 00 00 00 
       00007D2C 00 00 00 00 00 00 00 00 00 00 
       00007D36 00 00 00 00 00 00 00 00 00 00 
       00007D40 00 00 00 00 00 00 00 00 00 00 
       00007D4A 00 00 00 00 00 00 00 00 00 00 
       00007D54 00 00 00 00 00 00 00 00 00 00 
       00007D5E 00 00 00 00 00 00 00 00 00 00 
       00007D68 00 00 00 00 00 00 00 00 00 00 
       00007D72 00 00 00 00 00 00 00 00 00 00 
       00007D7C 00 00 00 00 00 00 00 00 00 00 
       00007D86 00 00 00 00 00 00 00 00 00 00 
       00007D90 00 00 00 00 00 00 00 00 00 00 
       00007D9A 00 00 00 00 00 00 00 00 00 00 
       00007DA4 00 00 00 00 00 00 00 00 00 00 
       00007DAE 00 00 00 00 00 00 00 00 00 00 
       00007DB8 00 00 00 00 00 00 00 00 00 00 
       00007DC2 00 00 00 00 00 00 00 00 00 00 
       00007DCC 00 00 00 00 00 00 00 00 00 00 
       00007DD6 00 00 00 00 00 00 00 00 00 00 
       00007DE0 00 00 00 00 00 00 00 00 00 00 
       00007DEA 00 00 00 00 00 00 00 00 00 00 
       00007DF4 00 00 00 00 00 00 00 00 00 00 
   112 00007DFE                                 
   113 00007DFE 55 AA                           		DB		0x55, 0xaa		; Set booting sector footer tag
